Ublox_Gnss.c:47:6:Gnss_Init	24	static
Ublox_Gnss.c:82:6:Gnss_ConfMsg	24	static
Ublox_Gnss.c:114:6:Gnss_SetPacketCfgPayloadSize	24	static
Ublox_Gnss.c:159:18:Gnss_SendCmd	48	static
Ublox_Gnss.c:202:6:Gnss_SendSerialCommand	24	static
Ublox_Gnss.c:245:6:Gnss_CalcChecksum	24	static
Ublox_Gnss.c:269:18:Gnss_WaitForACKResponse	56	static
Ublox_Gnss.c:329:18:Gnss_WaitForNoACKResponse	40	static
Ublox_Gnss.c:418:6:Gnss_EnableNMEAMessage	32	static
Ublox_Gnss.c:423:6:Gnss_DisableNMEAMessage	32	static
Ublox_Gnss.c:428:6:Gnss_IsConnected	16	static
Ublox_Gnss.c:433:6:Gnss_IsConnectedT	16	static
Ublox_Gnss.c:438:6:Gnss_InitPacketUBXCFGRATE	16	static
Ublox_Gnss.c:452:6:Gnss_GetNavigationFrequencyInternal	32	static
Ublox_Gnss.c:499:6:Gnss_CheckUbloxInternal	32	static
Ublox_Gnss.c:508:6:Gnss_CheckUbloxSerial	48	static
Ublox_Gnss.c:522:6:Gnss_GetPortSettings	24	static
Ublox_Gnss.c:534:6:Gnss_SetPortOutput	24	static
Ublox_Gnss.c:553:6:Gnss_SetUART1Output	24	static
Ublox_Gnss.c:558:6:Gnss_SetUART2Output	24	static
Ublox_Gnss.c:564:6:Gnss_ProcessUBX	40	static
Ublox_Gnss.c:795:6:Gnss_Process	48	static
Ublox_Gnss.c:1047:6:Gnss_PrintPacket	232	static
Ublox_Gnss.c:1116:6:Gnss_CheckAutomatic	24	static
Ublox_Gnss.c:1135:6:Gnss_ProcessUBXpacket	24	static
Ublox_Gnss.c:1157:10:Gnss_ExtractInt	24	static
Ublox_Gnss.c:1165:6:Gnss_AddToChecksum	16	static
Ublox_Gnss.c:1171:10:Gnss_GetMaxPayloadSize	24	static
